
=== DENSE ===  24 random triclinic cells x 60 orientations  (dev=cpu, NANG=360)
  |c01|=0.1044  n= 60  half= 53.3%  full=100.0%  full2=100.0%
  |c01|=0.1393  n= 60  half= 40.0%  full=100.0%  full2=100.0%
  |c01|=0.1793  n= 60  half= 46.7%  full=100.0%  full2=100.0%
  |c01|=0.0136  n= 60  half= 46.7%  full=100.0%  full2=100.0%
  |c01|=0.2263  n= 60  half= 43.3%  full=100.0%  full2=100.0%
  |c01|=0.2497  n= 60  half= 55.0%  full=100.0%  full2=100.0%
  |c01|=0.2581  n= 60  half= 50.0%  full=100.0%  full2=100.0%
  |c01|=0.1098  n= 60  half= 76.7%  full=100.0%  full2=100.0%
  |c01|=0.2246  n= 60  half= 43.3%  full=100.0%  full2=100.0%
  |c01|=0.2274  n= 60  half= 63.3%  full=100.0%  full2=100.0%
  |c01|=0.0798  n= 60  half= 48.3%  full=100.0%  full2=100.0%
  |c01|=0.2225  n= 60  half= 55.0%  full=100.0%  full2=100.0%
  |c01|=0.1458  n= 60  half= 75.0%  full=100.0%  full2=100.0%
  |c01|=0.1233  n= 60  half= 55.0%  full=100.0%  full2=100.0%
  |c01|=0.0762  n= 60  half= 70.0%  full=100.0%  full2=100.0%
  |c01|=0.1467  n= 60  half= 53.3%  full=100.0%  full2=100.0%
  |c01|=0.0497  n= 60  half= 56.7%  full=100.0%  full2=100.0%
  |c01|=0.1522  n= 60  half= 53.3%  full=100.0%  full2=100.0%
  |c01|=0.0308  n= 60  half= 46.7%  full=100.0%  full2=100.0%
  |c01|=0.1529  n= 60  half= 46.7%  full=100.0%  full2=100.0%
  |c01|=0.1867  n= 60  half= 50.0%  full=100.0%  full2=100.0%
  |c01|=0.2451  n= 60  half= 51.7%  full=100.0%  full2=100.0%
  |c01|=0.0899  n= 60  half= 58.3%  full=100.0%  full2=100.0%
  |c01|=0.2460  n= 60  half= 68.3%  full=100.0%  full2=100.0%

  |c01| bin      cells  frames     half     full    full2  full-half
  [0.00,0.02)         1      60    46.7%   100.0%   100.0%     +53.3
  [0.02,0.05)         2     120    51.7%   100.0%   100.0%     +48.3
  [0.05,0.10)         3     180    58.9%   100.0%   100.0%     +41.1
  [0.10,0.20)        10     600    55.0%   100.0%   100.0%     +45.0
  [0.20,1.00)         8     480    53.8%   100.0%   100.0%     +46.2

=== STILL ===  24 random triclinic cells x 60 orientations  (dev=cpu, NANG=360)
  |c01|=0.1044  n= 60  half= 48.3%  full=100.0%  full2=100.0%
  |c01|=0.1171  n= 60  half= 71.7%  full=100.0%  full2=100.0%
  |c01|=0.0123  n= 60  half= 65.0%  full=100.0%  full2=100.0%
  |c01|=0.0315  n= 60  half= 45.0%  full=100.0%  full2=100.0%
  |c01|=0.2419  n= 60  half= 66.7%  full= 98.3%  full2= 98.3%
  |c01|=0.1362  n= 60  half= 46.7%  full=100.0%  full2=100.0%
  |c01|=0.1985  n= 60  half= 51.7%  full=100.0%  full2=100.0%
  |c01|=0.0721  n= 60  half= 56.7%  full=100.0%  full2=100.0%
  |c01|=0.0361  n= 60  half= 50.0%  full=100.0%  full2=100.0%
  |c01|=0.1900  n= 60  half= 55.0%  full=100.0%  full2=100.0%
  |c01|=0.0924  n= 60  half= 58.3%  full= 98.3%  full2= 98.3%
  |c01|=0.1847  n= 60  half= 60.0%  full= 98.3%  full2= 96.7%
  |c01|=0.1619  n= 60  half= 45.0%  full=100.0%  full2=100.0%
  |c01|=0.0325  n= 60  half= 51.7%  full=100.0%  full2=100.0%
  |c01|=0.0895  n= 60  half= 51.7%  full=100.0%  full2=100.0%
  |c01|=0.0172  n= 60  half= 46.7%  full=100.0%  full2=100.0%
  |c01|=0.1355  n= 60  half= 61.7%  full=100.0%  full2=100.0%
  |c01|=0.1625  n= 60  half= 55.0%  full= 96.7%  full2= 96.7%
  |c01|=0.0628  n= 60  half= 53.3%  full=100.0%  full2=100.0%
  |c01|=0.0235  n= 60  half= 80.0%  full=100.0%  full2=100.0%
  |c01|=0.1887  n= 60  half= 61.7%  full=100.0%  full2=100.0%
  |c01|=0.2295  n= 60  half= 58.3%  full=100.0%  full2=100.0%
  |c01|=0.2460  n= 60  half= 46.7%  full=100.0%  full2=100.0%
  |c01|=0.1161  n= 60  half= 51.7%  full=100.0%  full2=100.0%

  |c01| bin      cells  frames     half     full    full2  full-half
  [0.00,0.02)         2     120    55.8%   100.0%   100.0%     +44.2
  [0.02,0.05)         4     240    56.7%   100.0%   100.0%     +43.3
  [0.05,0.10)         4     240    55.0%    99.6%    99.6%     +44.6
  [0.10,0.20)        11     660    55.3%    99.5%    99.4%     +44.2
  [0.20,1.00)         3     180    57.2%    99.4%    99.4%     +42.2
