
=== DENSE ===  24 random triclinic cells x 60 orientations  (dev=cpu, NANG=360)
  |c01|=0.1044  n= 60  half= 58.3%  full=100.0%  full2=100.0%
  |c01|=0.1393  n= 60  half= 48.3%  full=100.0%  full2=100.0%
  |c01|=0.1793  n= 60  half= 86.7%  full=100.0%  full2= 98.3%
  |c01|=0.0136  n= 60  half= 96.7%  full= 98.3%  full2= 98.3%
  |c01|=0.2263  n= 60  half= 48.3%  full=100.0%  full2=100.0%
  |c01|=0.2497  n= 60  half= 65.0%  full= 98.3%  full2= 98.3%
  |c01|=0.2581  n= 60  half= 60.0%  full=100.0%  full2=100.0%
  |c01|=0.1098  n= 60  half= 78.3%  full=100.0%  full2=100.0%
  |c01|=0.2246  n= 60  half= 45.0%  full=100.0%  full2=100.0%
  |c01|=0.2274  n= 60  half= 80.0%  full=100.0%  full2=100.0%
  |c01|=0.0798  n= 60  half= 56.7%  full= 98.3%  full2=100.0%
  |c01|=0.2225  n= 60  half= 61.7%  full=100.0%  full2=100.0%
  |c01|=0.1458  n= 60  half= 80.0%  full=100.0%  full2=100.0%
  |c01|=0.1233  n= 60  half= 61.7%  full=100.0%  full2=100.0%
  |c01|=0.0762  n= 60  half= 80.0%  full=100.0%  full2=100.0%
  |c01|=0.1467  n= 60  half= 60.0%  full=100.0%  full2=100.0%
  |c01|=0.0497  n= 60  half= 68.3%  full=100.0%  full2=100.0%
  |c01|=0.1522  n= 60  half= 71.7%  full= 98.3%  full2= 98.3%
  |c01|=0.0308  n= 60  half= 75.0%  full= 98.3%  full2= 98.3%
  |c01|=0.1529  n= 60  half= 65.0%  full=100.0%  full2=100.0%
  |c01|=0.1867  n= 60  half= 56.7%  full=100.0%  full2=100.0%
  |c01|=0.2451  n= 60  half= 56.7%  full=100.0%  full2=100.0%
  |c01|=0.0899  n= 60  half= 73.3%  full=100.0%  full2=100.0%
  |c01|=0.2460  n= 60  half= 90.0%  full= 98.3%  full2= 96.7%

  |c01| bin      cells  frames     half     full    full2  full-half
  [0.00,0.02)         1      60    96.7%    98.3%    98.3%      +1.7
  [0.02,0.05)         2     120    71.7%    99.2%    99.2%     +27.5
  [0.05,0.10)         3     180    70.0%    99.4%   100.0%     +29.4
  [0.10,0.20)        10     600    66.7%    99.8%    99.7%     +33.2
  [0.20,1.00)         8     480    63.3%    99.6%    99.4%     +36.3

=== STILL ===  24 random triclinic cells x 60 orientations  (dev=cpu, NANG=360)
  |c01|=0.1044  n= 60  half= 90.0%  full= 98.3%  full2= 95.0%
  |c01|=0.1171  n= 60  half= 86.7%  full= 96.7%  full2= 93.3%
  |c01|=0.0123  n= 60  half= 91.7%  full= 95.0%  full2= 93.3%
  |c01|=0.0315  n= 60  half= 96.7%  full=100.0%  full2=100.0%
  |c01|=0.2419  n= 60  half= 95.0%  full= 98.3%  full2= 96.7%
  |c01|=0.1362  n= 60  half= 88.3%  full= 95.0%  full2= 98.3%
  |c01|=0.1985  n= 60  half= 95.0%  full= 98.3%  full2= 98.3%
  |c01|=0.0721  n= 60  half= 86.7%  full=100.0%  full2=100.0%
  |c01|=0.0361  n= 60  half= 86.7%  full= 95.0%  full2= 98.3%
  |c01|=0.1900  n= 60  half= 81.7%  full= 93.3%  full2= 93.3%
  |c01|=0.0924  n= 60  half= 95.0%  full= 98.3%  full2= 98.3%
  |c01|=0.1847  n= 60  half= 88.3%  full= 98.3%  full2= 98.3%
  |c01|=0.1619  n= 60  half= 96.7%  full=100.0%  full2= 98.3%
  |c01|=0.0325  n= 60  half= 98.3%  full=100.0%  full2=100.0%
  |c01|=0.0895  n= 60  half= 93.3%  full= 98.3%  full2= 98.3%
  |c01|=0.0172  n= 60  half= 90.0%  full= 98.3%  full2=100.0%
  |c01|=0.1355  n= 60  half= 88.3%  full= 98.3%  full2= 98.3%
  |c01|=0.1625  n= 60  half= 93.3%  full=100.0%  full2=100.0%
  |c01|=0.0628  n= 60  half= 90.0%  full=100.0%  full2=100.0%
  |c01|=0.0235  n= 60  half= 90.0%  full= 98.3%  full2= 95.0%
  |c01|=0.1887  n= 60  half= 96.7%  full= 98.3%  full2= 96.7%
  |c01|=0.2295  n= 60  half= 83.3%  full= 85.0%  full2= 90.0%
  |c01|=0.2460  n= 60  half= 95.0%  full= 98.3%  full2= 95.0%
  |c01|=0.1161  n= 60  half= 88.3%  full=100.0%  full2=100.0%

  |c01| bin      cells  frames     half     full    full2  full-half
  [0.00,0.02)         2     120    90.8%    96.7%    96.7%      +5.8
  [0.02,0.05)         4     240    92.9%    98.3%    98.3%      +5.4
  [0.05,0.10)         4     240    91.2%    99.2%    99.2%      +7.9
  [0.10,0.20)        11     660    90.3%    97.9%    97.3%      +7.6
  [0.20,1.00)         3     180    91.1%    93.9%    93.9%      +2.8
