
=== DENSE ===  24 random triclinic cells x 60 orientations  (dev=cpu, NANG=360)
  |c01|=0.1044  n= 60  half= 33.3%  full= 56.7%  full2= 56.7%
  |c01|=0.1393  n= 60  half= 25.0%  full= 65.0%  full2= 65.0%
  |c01|=0.1793  n= 60  half= 20.0%  full= 46.7%  full2= 46.7%
  |c01|=0.0136  n= 60  half= 31.7%  full= 60.0%  full2= 60.0%
  |c01|=0.2263  n= 60  half= 15.0%  full= 50.0%  full2= 50.0%
  |c01|=0.2497  n= 60  half= 31.7%  full= 48.3%  full2= 48.3%
  |c01|=0.2581  n= 60  half= 31.7%  full= 56.7%  full2= 56.7%
  |c01|=0.1098  n= 60  half= 53.3%  full=100.0%  full2=100.0%
  |c01|=0.2246  n= 60  half= 15.0%  full= 50.0%  full2= 50.0%
  |c01|=0.2274  n= 60  half= 41.7%  full= 68.3%  full2= 66.7%
  |c01|=0.0798  n= 60  half= 26.7%  full= 48.3%  full2= 48.3%
  |c01|=0.2225  n= 60  half= 28.3%  full= 50.0%  full2= 50.0%
  |c01|=0.1458  n= 60  half= 55.0%  full=100.0%  full2=100.0%
  |c01|=0.1233  n= 60  half= 23.3%  full= 40.0%  full2= 40.0%
  |c01|=0.0762  n= 60  half= 40.0%  full= 56.7%  full2= 56.7%
  |c01|=0.1467  n= 60  half= 31.7%  full= 48.3%  full2= 48.3%
  |c01|=0.0497  n= 60  half= 28.3%  full= 53.3%  full2= 53.3%
  |c01|=0.1522  n= 60  half= 18.3%  full= 41.7%  full2= 41.7%
  |c01|=0.0308  n= 60  half= 26.7%  full= 53.3%  full2= 53.3%
  |c01|=0.1529  n= 60  half= 23.3%  full= 48.3%  full2= 48.3%
  |c01|=0.1867  n= 60  half= 21.7%  full= 46.7%  full2= 46.7%
  |c01|=0.2451  n= 60  half= 23.3%  full= 43.3%  full2= 43.3%
  |c01|=0.0899  n= 60  half= 38.3%  full= 68.3%  full2= 71.7%
  |c01|=0.2460  n= 60  half= 28.3%  full= 48.3%  full2= 48.3%

  |c01| bin      cells  frames     half     full    full2  full-half
  [0.00,0.02)         1      60    31.7%    60.0%    60.0%     +28.3
  [0.02,0.05)         2     120    27.5%    53.3%    53.3%     +25.8
  [0.05,0.10)         3     180    35.0%    57.8%    58.9%     +22.8
  [0.10,0.20)        10     600    30.5%    59.3%    59.3%     +28.8
  [0.20,1.00)         8     480    26.9%    51.9%    51.7%     +25.0

=== STILL ===  24 random triclinic cells x 60 orientations  (dev=cpu, NANG=360)
  |c01|=0.1044  n= 60  half= 30.0%  full= 51.7%  full2= 51.7%
  |c01|=0.1171  n= 60  half= 41.7%  full= 56.7%  full2= 58.3%
  |c01|=0.0123  n= 60  half= 28.3%  full= 53.3%  full2= 51.7%
  |c01|=0.0315  n= 60  half= 23.3%  full= 46.7%  full2= 46.7%
  |c01|=0.2419  n= 60  half= 38.3%  full= 68.3%  full2= 65.0%
  |c01|=0.1362  n= 60  half= 23.3%  full= 46.7%  full2= 50.0%
  |c01|=0.1985  n= 60  half= 23.3%  full= 45.0%  full2= 45.0%
  |c01|=0.0721  n= 60  half= 28.3%  full= 60.0%  full2= 60.0%
  |c01|=0.0361  n= 60  half= 15.0%  full= 48.3%  full2= 48.3%
  |c01|=0.1900  n= 60  half= 25.0%  full= 51.7%  full2= 51.7%
  |c01|=0.0924  n= 60  half= 28.3%  full= 48.3%  full2= 50.0%
  |c01|=0.1847  n= 60  half= 28.3%  full= 51.7%  full2= 50.0%
  |c01|=0.1619  n= 60  half= 20.0%  full= 56.7%  full2= 56.7%
  |c01|=0.0325  n= 60  half= 25.0%  full= 50.0%  full2= 50.0%
  |c01|=0.0895  n= 60  half= 26.7%  full= 51.7%  full2= 51.7%
  |c01|=0.0172  n= 60  half= 25.0%  full= 58.3%  full2= 60.0%
  |c01|=0.1355  n= 60  half= 41.7%  full= 80.0%  full2= 80.0%
  |c01|=0.1625  n= 60  half= 31.7%  full= 60.0%  full2= 56.7%
  |c01|=0.0628  n= 60  half= 21.7%  full= 48.3%  full2= 48.3%
  |c01|=0.0235  n= 60  half= 40.0%  full= 68.3%  full2= 61.7%
  |c01|=0.1887  n= 60  half= 35.0%  full= 63.3%  full2= 60.0%
  |c01|=0.2295  n= 60  half= 23.3%  full= 55.0%  full2= 51.7%
  |c01|=0.2460  n= 60  half= 21.7%  full= 48.3%  full2= 48.3%
  |c01|=0.1161  n= 60  half= 33.3%  full= 50.0%  full2= 50.0%

  |c01| bin      cells  frames     half     full    full2  full-half
  [0.00,0.02)         2     120    26.7%    55.8%    55.8%     +29.2
  [0.02,0.05)         4     240    25.8%    53.3%    51.7%     +27.5
  [0.05,0.10)         4     240    26.2%    52.1%    52.5%     +25.8
  [0.10,0.20)        11     660    30.3%    55.8%    55.5%     +25.5
  [0.20,1.00)         3     180    27.8%    57.2%    55.0%     +29.4
